Archive member included to satisfy reference by file (symbol)

../MiHolaMundo_bsp/\libhal_bsp.a(alt_load.o)
                              ../MiHolaMundo_bsp//obj/HAL/src/crt0.o (alt_load)
../MiHolaMundo_bsp/\libhal_bsp.a(alt_main.o)
                              ../MiHolaMundo_bsp//obj/HAL/src/crt0.o (alt_main)
../MiHolaMundo_bsp/\libhal_bsp.a(alt_putstr.o)
                              obj/default/hello_world_small.o (alt_putstr)
../MiHolaMundo_bsp/\libhal_bsp.a(alt_usleep.o)
                              obj/default/hello_world_small.o (usleep)
../MiHolaMundo_bsp/\libhal_bsp.a(alt_sys_init.o)
                              ../MiHolaMundo_bsp/\libhal_bsp.a(alt_main.o) (alt_irq_init)
../MiHolaMundo_bsp/\libhal_bsp.a(altera_avalon_jtag_uart_write.o)
                              ../MiHolaMundo_bsp/\libhal_bsp.a(alt_putstr.o) (altera_avalon_jtag_uart_write)
../MiHolaMundo_bsp/\libhal_bsp.a(alt_busy_sleep.o)
                              ../MiHolaMundo_bsp/\libhal_bsp.a(alt_usleep.o) (alt_busy_sleep)
../MiHolaMundo_bsp/\libhal_bsp.a(alt_dcache_flush_all.o)
                              ../MiHolaMundo_bsp/\libhal_bsp.a(alt_load.o) (alt_dcache_flush_all)
../MiHolaMundo_bsp/\libhal_bsp.a(alt_icache_flush_all.o)
                              ../MiHolaMundo_bsp/\libhal_bsp.a(alt_load.o) (alt_icache_flush_all)
../MiHolaMundo_bsp/\libhal_bsp.a(altera_nios2_gen2_irq.o)
                              ../MiHolaMundo_bsp/\libhal_bsp.a(alt_sys_init.o) (altera_nios2_gen2_irq_init)
c:/intelfpga/18.1/nios2eds/bin/gnu/h-x86_64-mingw32/bin/../lib/gcc/nios2-elf/5.3.0/../../../../../H-x86_64-mingw32/nios2-elf/lib/mno-hw-mul\libsmallc.a(lib_a-strlen.o)
                              ../MiHolaMundo_bsp/\libhal_bsp.a(alt_putstr.o) (strlen)
c:/intelfpga/18.1/nios2eds/bin/gnu/h-x86_64-mingw32/bin/../lib/gcc/nios2-elf/5.3.0/mno-hw-mul\libgcc.a(lib2-divmod.o)
                              ../MiHolaMundo_bsp/\libhal_bsp.a(alt_busy_sleep.o) (__udivsi3)
c:/intelfpga/18.1/nios2eds/bin/gnu/h-x86_64-mingw32/bin/../lib/gcc/nios2-elf/5.3.0/mno-hw-mul\libgcc.a(lib2-mul.o)
                              ../MiHolaMundo_bsp/\libhal_bsp.a(alt_busy_sleep.o) (__mulsi3)

Memory Configuration

Name             Origin             Length             Attributes
reset            0x0000000000001000 0x0000000000000020
memoria          0x0000000000001020 0x0000000000000fe0
*default*        0x0000000000000000 0xffffffffffffffff

Linker script and memory map

LOAD ../MiHolaMundo_bsp//obj/HAL/src/crt0.o
LOAD obj/default/hello_world_small.o
LOAD c:/intelfpga/18.1/nios2eds/bin/gnu/h-x86_64-mingw32/bin/../lib/gcc/nios2-elf/5.3.0/../../../../../H-x86_64-mingw32/nios2-elf/lib/mno-hw-mul\libstdc++.a
LOAD c:/intelfpga/18.1/nios2eds/bin/gnu/h-x86_64-mingw32/bin/../lib/gcc/nios2-elf/5.3.0/../../../../../H-x86_64-mingw32/nios2-elf/lib/mno-hw-mul\libm.a
LOAD c:/intelfpga/18.1/nios2eds/bin/gnu/h-x86_64-mingw32/bin/../lib/gcc/nios2-elf/5.3.0/mno-hw-mul\libgcc.a
START GROUP
LOAD c:/intelfpga/18.1/nios2eds/bin/gnu/h-x86_64-mingw32/bin/../lib/gcc/nios2-elf/5.3.0/../../../../../H-x86_64-mingw32/nios2-elf/lib/mno-hw-mul\libsmallc.a
LOAD c:/intelfpga/18.1/nios2eds/bin/gnu/h-x86_64-mingw32/bin/../lib/gcc/nios2-elf/5.3.0/mno-hw-mul\libgcc.a
LOAD ../MiHolaMundo_bsp/\libhal_bsp.a
LOAD c:/intelfpga/18.1/nios2eds/bin/gnu/h-x86_64-mingw32/bin/../lib/gcc/nios2-elf/5.3.0/../../../../../H-x86_64-mingw32/nios2-elf/lib/mno-hw-mul\libm.a
END GROUP
LOAD c:/intelfpga/18.1/nios2eds/bin/gnu/h-x86_64-mingw32/bin/../lib/gcc/nios2-elf/5.3.0/mno-hw-mul\libgcc.a
                0x0000000000001000                __alt_mem_memoria = 0x1000

.entry          0x0000000000001000       0x20
 *(.entry)
 .entry         0x0000000000001000       0x20 ../MiHolaMundo_bsp//obj/HAL/src/crt0.o
                0x0000000000001000                __reset
                0x000000000000100c                _exit

.exceptions     0x0000000000001020        0x0
                0x0000000000001020                PROVIDE (__ram_exceptions_start, ABSOLUTE (.))
                0x0000000000001020                . = ALIGN (0x20)
 *(.irq)
 *(.exceptions.entry.label)
 *(.exceptions.entry.user)
 *(.exceptions.entry.ecc_fatal)
 *(.exceptions.entry)
 *(.exceptions.irqtest.user)
 *(.exceptions.irqtest)
 *(.exceptions.irqhandler.user)
 *(.exceptions.irqhandler)
 *(.exceptions.irqreturn.user)
 *(.exceptions.irqreturn)
 *(.exceptions.notirq.label)
 *(.exceptions.notirq.user)
 *(.exceptions.notirq)
 *(.exceptions.soft.user)
 *(.exceptions.soft)
 *(.exceptions.unknown.user)
 *(.exceptions.unknown)
 *(.exceptions.exit.label)
 *(.exceptions.exit.user)
 *(.exceptions.exit)
 *(.exceptions)
                0x0000000000001020                PROVIDE (__ram_exceptions_end, ABSOLUTE (.))
                0x0000000000001020                PROVIDE (__flash_exceptions_start, LOADADDR (.exceptions))

.text           0x0000000000001020      0x4c4
                [!provide]                        PROVIDE (stext, ABSOLUTE (.))
 *(.interp)
 *(.hash)
 *(.dynsym)
 *(.dynstr)
 *(.gnu.version)
 *(.gnu.version_d)
 *(.gnu.version_r)
 *(.rel.init)
 *(.rela.init)
 *(.rel.text .rel.text.* .rel.gnu.linkonce.t.*)
 *(.rela.text .rela.text.* .rela.gnu.linkonce.t.*)
 *(.rel.fini)
 *(.rela.fini)
 *(.rel.rodata .rel.rodata.* .rel.gnu.linkonce.r.*)
 *(.rela.rodata .rela.rodata.* .rela.gnu.linkonce.r.*)
 *(.rel.data .rel.data.* .rel.gnu.linkonce.d.*)
 *(.rela.data .rela.data.* .rela.gnu.linkonce.d.*)
 *(.rel.tdata .rel.tdata.* .rel.gnu.linkonce.td.*)
 *(.rela.tdata .rela.tdata.* .rela.gnu.linkonce.td.*)
 *(.rel.tbss .rel.tbss.* .rel.gnu.linkonce.tb.*)
 *(.rela.tbss .rela.tbss.* .rela.gnu.linkonce.tb.*)
 *(.rel.ctors)
 *(.rela.ctors)
 *(.rel.dtors)
 *(.rela.dtors)
 *(.rel.got)
 *(.rela.got)
 *(.rel.sdata .rel.sdata.* .rel.gnu.linkonce.s.*)
 *(.rela.sdata .rela.sdata.* .rela.gnu.linkonce.s.*)
 *(.rel.sbss .rel.sbss.* .rel.gnu.linkonce.sb.*)
 *(.rela.sbss .rela.sbss.* .rela.gnu.linkonce.sb.*)
 *(.rel.sdata2 .rel.sdata2.* .rel.gnu.linkonce.s2.*)
 *(.rela.sdata2 .rela.sdata2.* .rela.gnu.linkonce.s2.*)
 *(.rel.sbss2 .rel.sbss2.* .rel.gnu.linkonce.sb2.*)
 *(.rela.sbss2 .rela.sbss2.* .rela.gnu.linkonce.sb2.*)
 *(.rel.bss .rel.bss.* .rel.gnu.linkonce.b.*)
 *(.rela.bss .rela.bss.* .rela.gnu.linkonce.b.*)
 *(.rel.plt)
 *(.rela.plt)
 *(.rel.dyn)
 *(.init)
 *(.plt)
 *(.text .stub .text.* .gnu.linkonce.t.*)
 .text          0x0000000000001020       0x3c ../MiHolaMundo_bsp//obj/HAL/src/crt0.o
                0x0000000000001020                _start
 .text          0x000000000000105c        0x0 obj/default/hello_world_small.o
 .text.startup  0x000000000000105c       0x58 obj/default/hello_world_small.o
                0x000000000000105c                main
 .text          0x00000000000010b4       0xe0 ../MiHolaMundo_bsp/\libhal_bsp.a(alt_load.o)
                0x00000000000010b4                alt_load
 .text          0x0000000000001194       0x2c ../MiHolaMundo_bsp/\libhal_bsp.a(alt_main.o)
                0x0000000000001194                alt_main
 .text          0x00000000000011c0       0x38 ../MiHolaMundo_bsp/\libhal_bsp.a(alt_putstr.o)
                0x00000000000011c0                alt_putstr
 .text          0x00000000000011f8        0x4 ../MiHolaMundo_bsp/\libhal_bsp.a(alt_usleep.o)
                0x00000000000011f8                usleep
 .text          0x00000000000011fc       0x24 ../MiHolaMundo_bsp/\libhal_bsp.a(alt_sys_init.o)
                0x00000000000011fc                alt_irq_init
                0x000000000000121c                alt_sys_init
 .text          0x0000000000001220       0x34 ../MiHolaMundo_bsp/\libhal_bsp.a(altera_avalon_jtag_uart_write.o)
                0x0000000000001220                altera_avalon_jtag_uart_write
 .text          0x0000000000001254       0x88 ../MiHolaMundo_bsp/\libhal_bsp.a(alt_busy_sleep.o)
                0x0000000000001254                alt_busy_sleep
 .text          0x00000000000012dc        0x4 ../MiHolaMundo_bsp/\libhal_bsp.a(alt_dcache_flush_all.o)
                0x00000000000012dc                alt_dcache_flush_all
 .text          0x00000000000012e0        0x4 ../MiHolaMundo_bsp/\libhal_bsp.a(alt_icache_flush_all.o)
                0x00000000000012e0                alt_icache_flush_all
 .text          0x00000000000012e4        0x8 ../MiHolaMundo_bsp/\libhal_bsp.a(altera_nios2_gen2_irq.o)
                0x00000000000012e4                altera_nios2_gen2_irq_init
 .text          0x00000000000012ec        0x0 c:/intelfpga/18.1/nios2eds/bin/gnu/h-x86_64-mingw32/bin/../lib/gcc/nios2-elf/5.3.0/../../../../../H-x86_64-mingw32/nios2-elf/lib/mno-hw-mul\libsmallc.a(lib_a-strlen.o)
 .text.strlen   0x00000000000012ec       0x1c c:/intelfpga/18.1/nios2eds/bin/gnu/h-x86_64-mingw32/bin/../lib/gcc/nios2-elf/5.3.0/../../../../../H-x86_64-mingw32/nios2-elf/lib/mno-hw-mul\libsmallc.a(lib_a-strlen.o)
                0x00000000000012ec                strlen
 .text          0x0000000000001308      0x1b4 c:/intelfpga/18.1/nios2eds/bin/gnu/h-x86_64-mingw32/bin/../lib/gcc/nios2-elf/5.3.0/mno-hw-mul\libgcc.a(lib2-divmod.o)
                0x0000000000001308                __divsi3
                0x000000000000138c                __modsi3
                0x0000000000001400                __udivsi3
                0x0000000000001464                __umodsi3
 .text          0x00000000000014bc       0x28 c:/intelfpga/18.1/nios2eds/bin/gnu/h-x86_64-mingw32/bin/../lib/gcc/nios2-elf/5.3.0/mno-hw-mul\libgcc.a(lib2-mul.o)
                0x00000000000014bc                __mulsi3
 *(.gnu.warning.*)
 *(.fini)
                [!provide]                        PROVIDE (__etext, ABSOLUTE (.))
                [!provide]                        PROVIDE (_etext, ABSOLUTE (.))
                [!provide]                        PROVIDE (etext, ABSOLUTE (.))
 *(.eh_frame_hdr)
                0x00000000000014e4                . = ALIGN (0x4)
                [!provide]                        PROVIDE (__preinit_array_start, ABSOLUTE (.))
 *(.preinit_array)
                [!provide]                        PROVIDE (__preinit_array_end, ABSOLUTE (.))
                [!provide]                        PROVIDE (__init_array_start, ABSOLUTE (.))
 *(.init_array)
                [!provide]                        PROVIDE (__init_array_end, ABSOLUTE (.))
                [!provide]                        PROVIDE (__fini_array_start, ABSOLUTE (.))
 *(.fini_array)
                [!provide]                        PROVIDE (__fini_array_end, ABSOLUTE (.))
 *(.eh_frame)
 *(.gcc_except_table .gcc_except_table.*)
 *(.dynamic)
                [!provide]                        PROVIDE (__CTOR_LIST__, ABSOLUTE (.))
 *(.ctors)
 *(SORT(.ctors.*))
                [!provide]                        PROVIDE (__CTOR_END__, ABSOLUTE (.))
                [!provide]                        PROVIDE (__DTOR_LIST__, ABSOLUTE (.))
 *(.dtors)
 *(SORT(.dtors.*))
                [!provide]                        PROVIDE (__DTOR_END__, ABSOLUTE (.))
 *(.jcr)
                0x00000000000014e4                . = ALIGN (0x4)

.rodata         0x00000000000014e4       0x18
                0x00000000000014e4                PROVIDE (__ram_rodata_start, ABSOLUTE (.))
                0x00000000000014e4                . = ALIGN (0x4)
 *(.rodata .rodata.* .gnu.linkonce.r.*)
 .rodata.str1.4
                0x00000000000014e4       0x18 obj/default/hello_world_small.o
                                         0x15 (size before relaxing)
 *(.rodata1)
                0x00000000000014fc                . = ALIGN (0x4)
                0x00000000000014fc                PROVIDE (__ram_rodata_end, ABSOLUTE (.))
                0x00000000000014e4                PROVIDE (__flash_rodata_start, LOADADDR (.rodata))

.rwdata         0x00000000000014fc        0x4 load address 0x0000000000001500
                0x00000000000014fc                PROVIDE (__ram_rwdata_start, ABSOLUTE (.))
                0x00000000000014fc                . = ALIGN (0x4)
 *(.got.plt)
 *(.got)
 *(.data1)
 *(.data .data.* .gnu.linkonce.d.*)
 .data          0x00000000000014fc        0x0 ../MiHolaMundo_bsp//obj/HAL/src/crt0.o
 .data          0x00000000000014fc        0x0 obj/default/hello_world_small.o
 .data          0x00000000000014fc        0x0 ../MiHolaMundo_bsp/\libhal_bsp.a(alt_load.o)
 .data          0x00000000000014fc        0x0 ../MiHolaMundo_bsp/\libhal_bsp.a(alt_main.o)
 .data          0x00000000000014fc        0x0 ../MiHolaMundo_bsp/\libhal_bsp.a(alt_putstr.o)
 .data          0x00000000000014fc        0x0 ../MiHolaMundo_bsp/\libhal_bsp.a(alt_usleep.o)
 .data          0x00000000000014fc        0x0 ../MiHolaMundo_bsp/\libhal_bsp.a(alt_sys_init.o)
 .data          0x00000000000014fc        0x0 ../MiHolaMundo_bsp/\libhal_bsp.a(altera_avalon_jtag_uart_write.o)
 .data          0x00000000000014fc        0x0 ../MiHolaMundo_bsp/\libhal_bsp.a(alt_busy_sleep.o)
 .data          0x00000000000014fc        0x0 ../MiHolaMundo_bsp/\libhal_bsp.a(alt_dcache_flush_all.o)
 .data          0x00000000000014fc        0x0 ../MiHolaMundo_bsp/\libhal_bsp.a(alt_icache_flush_all.o)
 .data          0x00000000000014fc        0x0 ../MiHolaMundo_bsp/\libhal_bsp.a(altera_nios2_gen2_irq.o)
 .data          0x00000000000014fc        0x0 c:/intelfpga/18.1/nios2eds/bin/gnu/h-x86_64-mingw32/bin/../lib/gcc/nios2-elf/5.3.0/../../../../../H-x86_64-mingw32/nios2-elf/lib/mno-hw-mul\libsmallc.a(lib_a-strlen.o)
 .data          0x00000000000014fc        0x0 c:/intelfpga/18.1/nios2eds/bin/gnu/h-x86_64-mingw32/bin/../lib/gcc/nios2-elf/5.3.0/mno-hw-mul\libgcc.a(lib2-divmod.o)
 .data          0x00000000000014fc        0x0 c:/intelfpga/18.1/nios2eds/bin/gnu/h-x86_64-mingw32/bin/../lib/gcc/nios2-elf/5.3.0/mno-hw-mul\libgcc.a(lib2-mul.o)
                0x00000000000094fc                _gp = ABSOLUTE ((. + 0x8000))
                [!provide]                        PROVIDE (gp, _gp)
 *(.rwdata .rwdata.*)
 *(.sdata .sdata.* .gnu.linkonce.s.*)
 .sdata         0x00000000000014fc        0x4 ../MiHolaMundo_bsp/\libhal_bsp.a(alt_sys_init.o)
                0x00000000000014fc                jtag_uart_0
 *(.sdata2 .sdata2.* .gnu.linkonce.s2.*)
                0x0000000000001500                . = ALIGN (0x4)
                0x0000000000001500                _edata = ABSOLUTE (.)
                [!provide]                        PROVIDE (edata, ABSOLUTE (.))
                0x0000000000001500                PROVIDE (__ram_rwdata_end, ABSOLUTE (.))
                0x0000000000001500                PROVIDE (__flash_rwdata_start, LOADADDR (.rwdata))

.bss            0x0000000000001504        0xc
                0x0000000000001504                __bss_start = ABSOLUTE (.)
                [!provide]                        PROVIDE (__sbss_start, ABSOLUTE (.))
                [!provide]                        PROVIDE (___sbss_start, ABSOLUTE (.))
 *(.dynsbss)
 *(.sbss .sbss.* .gnu.linkonce.sb.*)
 .sbss          0x0000000000001504        0xc ../MiHolaMundo_bsp/\libhal_bsp.a(alt_main.o)
                0x0000000000001504                alt_envp
                0x0000000000001508                alt_argv
                0x000000000000150c                alt_argc
 *(.sbss2 .sbss2.* .gnu.linkonce.sb2.*)
 *(.scommon)
                [!provide]                        PROVIDE (__sbss_end, ABSOLUTE (.))
                [!provide]                        PROVIDE (___sbss_end, ABSOLUTE (.))
 *(.dynbss)
 *(.bss .bss.* .gnu.linkonce.b.*)
 .bss           0x0000000000001510        0x0 ../MiHolaMundo_bsp//obj/HAL/src/crt0.o
 .bss           0x0000000000001510        0x0 obj/default/hello_world_small.o
 .bss           0x0000000000001510        0x0 ../MiHolaMundo_bsp/\libhal_bsp.a(alt_load.o)
 .bss           0x0000000000001510        0x0 ../MiHolaMundo_bsp/\libhal_bsp.a(alt_main.o)
 .bss           0x0000000000001510        0x0 ../MiHolaMundo_bsp/\libhal_bsp.a(alt_putstr.o)
 .bss           0x0000000000001510        0x0 ../MiHolaMundo_bsp/\libhal_bsp.a(alt_usleep.o)
 .bss           0x0000000000001510        0x0 ../MiHolaMundo_bsp/\libhal_bsp.a(alt_sys_init.o)
 .bss           0x0000000000001510        0x0 ../MiHolaMundo_bsp/\libhal_bsp.a(altera_avalon_jtag_uart_write.o)
 .bss           0x0000000000001510        0x0 ../MiHolaMundo_bsp/\libhal_bsp.a(alt_busy_sleep.o)
 .bss           0x0000000000001510        0x0 ../MiHolaMundo_bsp/\libhal_bsp.a(alt_dcache_flush_all.o)
 .bss           0x0000000000001510        0x0 ../MiHolaMundo_bsp/\libhal_bsp.a(alt_icache_flush_all.o)
 .bss           0x0000000000001510        0x0 ../MiHolaMundo_bsp/\libhal_bsp.a(altera_nios2_gen2_irq.o)
 .bss           0x0000000000001510        0x0 c:/intelfpga/18.1/nios2eds/bin/gnu/h-x86_64-mingw32/bin/../lib/gcc/nios2-elf/5.3.0/../../../../../H-x86_64-mingw32/nios2-elf/lib/mno-hw-mul\libsmallc.a(lib_a-strlen.o)
 .bss           0x0000000000001510        0x0 c:/intelfpga/18.1/nios2eds/bin/gnu/h-x86_64-mingw32/bin/../lib/gcc/nios2-elf/5.3.0/mno-hw-mul\libgcc.a(lib2-divmod.o)
 .bss           0x0000000000001510        0x0 c:/intelfpga/18.1/nios2eds/bin/gnu/h-x86_64-mingw32/bin/../lib/gcc/nios2-elf/5.3.0/mno-hw-mul\libgcc.a(lib2-mul.o)
 *(COMMON)
                0x0000000000001510                . = ALIGN (0x4)
                0x0000000000001510                __bss_end = ABSOLUTE (.)

.memoria        0x0000000000001510        0x0
                [!provide]                        PROVIDE (_alt_partition_memoria_start, ABSOLUTE (.))
 *(.memoria .memoria. memoria.*)
                0x0000000000001510                . = ALIGN (0x4)
                [!provide]                        PROVIDE (_alt_partition_memoria_end, ABSOLUTE (.))
                0x0000000000001510                _end = ABSOLUTE (.)
                0x0000000000001510                end = ABSOLUTE (.)
                0x0000000000001510                __alt_stack_base = ABSOLUTE (.)
                [!provide]                        PROVIDE (_alt_partition_memoria_load_addr, LOADADDR (.memoria))

.stab
 *(.stab)

.stabstr
 *(.stabstr)

.stab.excl
 *(.stab.excl)

.stab.exclstr
 *(.stab.exclstr)

.stab.index
 *(.stab.index)

.stab.indexstr
 *(.stab.indexstr)

.comment        0x0000000000000000       0x23
 *(.comment)
 .comment       0x0000000000000000       0x23 obj/default/hello_world_small.o
                                         0x24 (size before relaxing)
 .comment       0x0000000000000023       0x24 ../MiHolaMundo_bsp/\libhal_bsp.a(alt_load.o)
 .comment       0x0000000000000023       0x24 ../MiHolaMundo_bsp/\libhal_bsp.a(alt_main.o)
 .comment       0x0000000000000023       0x24 ../MiHolaMundo_bsp/\libhal_bsp.a(alt_putstr.o)
 .comment       0x0000000000000023       0x24 ../MiHolaMundo_bsp/\libhal_bsp.a(alt_usleep.o)
 .comment       0x0000000000000023       0x24 ../MiHolaMundo_bsp/\libhal_bsp.a(alt_sys_init.o)
 .comment       0x0000000000000023       0x24 ../MiHolaMundo_bsp/\libhal_bsp.a(altera_avalon_jtag_uart_write.o)
 .comment       0x0000000000000023       0x24 ../MiHolaMundo_bsp/\libhal_bsp.a(alt_busy_sleep.o)
 .comment       0x0000000000000023       0x24 ../MiHolaMundo_bsp/\libhal_bsp.a(alt_dcache_flush_all.o)
 .comment       0x0000000000000023       0x24 ../MiHolaMundo_bsp/\libhal_bsp.a(alt_icache_flush_all.o)
 .comment       0x0000000000000023       0x24 ../MiHolaMundo_bsp/\libhal_bsp.a(altera_nios2_gen2_irq.o)
 .comment       0x0000000000000023       0x24 c:/intelfpga/18.1/nios2eds/bin/gnu/h-x86_64-mingw32/bin/../lib/gcc/nios2-elf/5.3.0/../../../../../H-x86_64-mingw32/nios2-elf/lib/mno-hw-mul\libsmallc.a(lib_a-strlen.o)
 .comment       0x0000000000000023       0x24 c:/intelfpga/18.1/nios2eds/bin/gnu/h-x86_64-mingw32/bin/../lib/gcc/nios2-elf/5.3.0/mno-hw-mul\libgcc.a(lib2-divmod.o)
 .comment       0x0000000000000023       0x24 c:/intelfpga/18.1/nios2eds/bin/gnu/h-x86_64-mingw32/bin/../lib/gcc/nios2-elf/5.3.0/mno-hw-mul\libgcc.a(lib2-mul.o)

.debug
 *(.debug)

.line
 *(.line)

.debug_srcinfo
 *(.debug_srcinfo)

.debug_sfnames
 *(.debug_sfnames)

.debug_aranges  0x0000000000000000      0x1e8
 *(.debug_aranges)
 .debug_aranges
                0x0000000000000000       0x28 ../MiHolaMundo_bsp//obj/HAL/src/crt0.o
 .debug_aranges
                0x0000000000000028       0x20 obj/default/hello_world_small.o
 .debug_aranges
                0x0000000000000048       0x20 ../MiHolaMundo_bsp/\libhal_bsp.a(alt_load.o)
 .debug_aranges
                0x0000000000000068       0x20 ../MiHolaMundo_bsp/\libhal_bsp.a(alt_main.o)
 .debug_aranges
                0x0000000000000088       0x20 ../MiHolaMundo_bsp/\libhal_bsp.a(alt_putstr.o)
 .debug_aranges
                0x00000000000000a8       0x20 ../MiHolaMundo_bsp/\libhal_bsp.a(alt_usleep.o)
 .debug_aranges
                0x00000000000000c8       0x20 ../MiHolaMundo_bsp/\libhal_bsp.a(alt_sys_init.o)
 .debug_aranges
                0x00000000000000e8       0x20 ../MiHolaMundo_bsp/\libhal_bsp.a(altera_avalon_jtag_uart_write.o)
 .debug_aranges
                0x0000000000000108       0x20 ../MiHolaMundo_bsp/\libhal_bsp.a(alt_busy_sleep.o)
 .debug_aranges
                0x0000000000000128       0x20 ../MiHolaMundo_bsp/\libhal_bsp.a(alt_dcache_flush_all.o)
 .debug_aranges
                0x0000000000000148       0x20 ../MiHolaMundo_bsp/\libhal_bsp.a(alt_icache_flush_all.o)
 .debug_aranges
                0x0000000000000168       0x20 ../MiHolaMundo_bsp/\libhal_bsp.a(altera_nios2_gen2_irq.o)
 .debug_aranges
                0x0000000000000188       0x20 c:/intelfpga/18.1/nios2eds/bin/gnu/h-x86_64-mingw32/bin/../lib/gcc/nios2-elf/5.3.0/../../../../../H-x86_64-mingw32/nios2-elf/lib/mno-hw-mul\libsmallc.a(lib_a-strlen.o)
 .debug_aranges
                0x00000000000001a8       0x20 c:/intelfpga/18.1/nios2eds/bin/gnu/h-x86_64-mingw32/bin/../lib/gcc/nios2-elf/5.3.0/mno-hw-mul\libgcc.a(lib2-divmod.o)
 .debug_aranges
                0x00000000000001c8       0x20 c:/intelfpga/18.1/nios2eds/bin/gnu/h-x86_64-mingw32/bin/../lib/gcc/nios2-elf/5.3.0/mno-hw-mul\libgcc.a(lib2-mul.o)

.debug_pubnames
 *(.debug_pubnames)

.debug_info     0x0000000000000000     0x1072
 *(.debug_info .gnu.linkonce.wi.*)
 .debug_info    0x0000000000000000       0x5f ../MiHolaMundo_bsp//obj/HAL/src/crt0.o
 .debug_info    0x000000000000005f       0xd1 obj/default/hello_world_small.o
 .debug_info    0x0000000000000130      0x1c9 ../MiHolaMundo_bsp/\libhal_bsp.a(alt_load.o)
 .debug_info    0x00000000000002f9      0x169 ../MiHolaMundo_bsp/\libhal_bsp.a(alt_main.o)
 .debug_info    0x0000000000000462      0x13a ../MiHolaMundo_bsp/\libhal_bsp.a(alt_putstr.o)
 .debug_info    0x000000000000059c       0xd1 ../MiHolaMundo_bsp/\libhal_bsp.a(alt_usleep.o)
 .debug_info    0x000000000000066d      0x19d ../MiHolaMundo_bsp/\libhal_bsp.a(alt_sys_init.o)
 .debug_info    0x000000000000080a      0x197 ../MiHolaMundo_bsp/\libhal_bsp.a(altera_avalon_jtag_uart_write.o)
 .debug_info    0x00000000000009a1       0xd8 ../MiHolaMundo_bsp/\libhal_bsp.a(alt_busy_sleep.o)
 .debug_info    0x0000000000000a79       0x92 ../MiHolaMundo_bsp/\libhal_bsp.a(alt_dcache_flush_all.o)
 .debug_info    0x0000000000000b0b       0x92 ../MiHolaMundo_bsp/\libhal_bsp.a(alt_icache_flush_all.o)
 .debug_info    0x0000000000000b9d       0x92 ../MiHolaMundo_bsp/\libhal_bsp.a(altera_nios2_gen2_irq.o)
 .debug_info    0x0000000000000c2f       0xc9 c:/intelfpga/18.1/nios2eds/bin/gnu/h-x86_64-mingw32/bin/../lib/gcc/nios2-elf/5.3.0/../../../../../H-x86_64-mingw32/nios2-elf/lib/mno-hw-mul\libsmallc.a(lib_a-strlen.o)
 .debug_info    0x0000000000000cf8      0x2c6 c:/intelfpga/18.1/nios2eds/bin/gnu/h-x86_64-mingw32/bin/../lib/gcc/nios2-elf/5.3.0/mno-hw-mul\libgcc.a(lib2-divmod.o)
 .debug_info    0x0000000000000fbe       0xb4 c:/intelfpga/18.1/nios2eds/bin/gnu/h-x86_64-mingw32/bin/../lib/gcc/nios2-elf/5.3.0/mno-hw-mul\libgcc.a(lib2-mul.o)

.debug_abbrev   0x0000000000000000      0x935
 *(.debug_abbrev)
 .debug_abbrev  0x0000000000000000       0x12 ../MiHolaMundo_bsp//obj/HAL/src/crt0.o
 .debug_abbrev  0x0000000000000012       0xcb obj/default/hello_world_small.o
 .debug_abbrev  0x00000000000000dd       0xd8 ../MiHolaMundo_bsp/\libhal_bsp.a(alt_load.o)
 .debug_abbrev  0x00000000000001b5       0xee ../MiHolaMundo_bsp/\libhal_bsp.a(alt_main.o)
 .debug_abbrev  0x00000000000002a3       0xd3 ../MiHolaMundo_bsp/\libhal_bsp.a(alt_putstr.o)
 .debug_abbrev  0x0000000000000376       0x8d ../MiHolaMundo_bsp/\libhal_bsp.a(alt_usleep.o)
 .debug_abbrev  0x0000000000000403      0x10e ../MiHolaMundo_bsp/\libhal_bsp.a(alt_sys_init.o)
 .debug_abbrev  0x0000000000000511       0xd5 ../MiHolaMundo_bsp/\libhal_bsp.a(altera_avalon_jtag_uart_write.o)
 .debug_abbrev  0x00000000000005e6       0x8d ../MiHolaMundo_bsp/\libhal_bsp.a(alt_busy_sleep.o)
 .debug_abbrev  0x0000000000000673       0x42 ../MiHolaMundo_bsp/\libhal_bsp.a(alt_dcache_flush_all.o)
 .debug_abbrev  0x00000000000006b5       0x42 ../MiHolaMundo_bsp/\libhal_bsp.a(alt_icache_flush_all.o)
 .debug_abbrev  0x00000000000006f7       0x42 ../MiHolaMundo_bsp/\libhal_bsp.a(altera_nios2_gen2_irq.o)
 .debug_abbrev  0x0000000000000739       0x7f c:/intelfpga/18.1/nios2eds/bin/gnu/h-x86_64-mingw32/bin/../lib/gcc/nios2-elf/5.3.0/../../../../../H-x86_64-mingw32/nios2-elf/lib/mno-hw-mul\libsmallc.a(lib_a-strlen.o)
 .debug_abbrev  0x00000000000007b8      0x10e c:/intelfpga/18.1/nios2eds/bin/gnu/h-x86_64-mingw32/bin/../lib/gcc/nios2-elf/5.3.0/mno-hw-mul\libgcc.a(lib2-divmod.o)
 .debug_abbrev  0x00000000000008c6       0x6f c:/intelfpga/18.1/nios2eds/bin/gnu/h-x86_64-mingw32/bin/../lib/gcc/nios2-elf/5.3.0/mno-hw-mul\libgcc.a(lib2-mul.o)

.debug_line     0x0000000000000000      0xa32
 *(.debug_line)
 .debug_line    0x0000000000000000       0x66 ../MiHolaMundo_bsp//obj/HAL/src/crt0.o
 .debug_line    0x0000000000000066       0x7a obj/default/hello_world_small.o
 .debug_line    0x00000000000000e0       0xa4 ../MiHolaMundo_bsp/\libhal_bsp.a(alt_load.o)
 .debug_line    0x0000000000000184       0xbd ../MiHolaMundo_bsp/\libhal_bsp.a(alt_main.o)
 .debug_line    0x0000000000000241       0x9b ../MiHolaMundo_bsp/\libhal_bsp.a(alt_putstr.o)
 .debug_line    0x00000000000002dc       0xca ../MiHolaMundo_bsp/\libhal_bsp.a(alt_usleep.o)
 .debug_line    0x00000000000003a6      0x11a ../MiHolaMundo_bsp/\libhal_bsp.a(alt_sys_init.o)
 .debug_line    0x00000000000004c0       0xf0 ../MiHolaMundo_bsp/\libhal_bsp.a(altera_avalon_jtag_uart_write.o)
 .debug_line    0x00000000000005b0       0xb5 ../MiHolaMundo_bsp/\libhal_bsp.a(alt_busy_sleep.o)
 .debug_line    0x0000000000000665       0x4e ../MiHolaMundo_bsp/\libhal_bsp.a(alt_dcache_flush_all.o)
 .debug_line    0x00000000000006b3       0x4e ../MiHolaMundo_bsp/\libhal_bsp.a(alt_icache_flush_all.o)
 .debug_line    0x0000000000000701       0x50 ../MiHolaMundo_bsp/\libhal_bsp.a(altera_nios2_gen2_irq.o)
 .debug_line    0x0000000000000751      0x15c c:/intelfpga/18.1/nios2eds/bin/gnu/h-x86_64-mingw32/bin/../lib/gcc/nios2-elf/5.3.0/../../../../../H-x86_64-mingw32/nios2-elf/lib/mno-hw-mul\libsmallc.a(lib_a-strlen.o)
 .debug_line    0x00000000000008ad      0x105 c:/intelfpga/18.1/nios2eds/bin/gnu/h-x86_64-mingw32/bin/../lib/gcc/nios2-elf/5.3.0/mno-hw-mul\libgcc.a(lib2-divmod.o)
 .debug_line    0x00000000000009b2       0x80 c:/intelfpga/18.1/nios2eds/bin/gnu/h-x86_64-mingw32/bin/../lib/gcc/nios2-elf/5.3.0/mno-hw-mul\libgcc.a(lib2-mul.o)

.debug_frame    0x0000000000000000      0x258
 *(.debug_frame)
 .debug_frame   0x0000000000000000       0x30 obj/default/hello_world_small.o
 .debug_frame   0x0000000000000030       0x30 ../MiHolaMundo_bsp/\libhal_bsp.a(alt_load.o)
 .debug_frame   0x0000000000000060       0x2c ../MiHolaMundo_bsp/\libhal_bsp.a(alt_main.o)
 .debug_frame   0x000000000000008c       0x30 ../MiHolaMundo_bsp/\libhal_bsp.a(alt_putstr.o)
 .debug_frame   0x00000000000000bc       0x20 ../MiHolaMundo_bsp/\libhal_bsp.a(alt_usleep.o)
 .debug_frame   0x00000000000000dc       0x3c ../MiHolaMundo_bsp/\libhal_bsp.a(alt_sys_init.o)
 .debug_frame   0x0000000000000118       0x20 ../MiHolaMundo_bsp/\libhal_bsp.a(altera_avalon_jtag_uart_write.o)
 .debug_frame   0x0000000000000138       0x30 ../MiHolaMundo_bsp/\libhal_bsp.a(alt_busy_sleep.o)
 .debug_frame   0x0000000000000168       0x20 ../MiHolaMundo_bsp/\libhal_bsp.a(alt_dcache_flush_all.o)
 .debug_frame   0x0000000000000188       0x20 ../MiHolaMundo_bsp/\libhal_bsp.a(alt_icache_flush_all.o)
 .debug_frame   0x00000000000001a8       0x20 ../MiHolaMundo_bsp/\libhal_bsp.a(altera_nios2_gen2_irq.o)
 .debug_frame   0x00000000000001c8       0x20 c:/intelfpga/18.1/nios2eds/bin/gnu/h-x86_64-mingw32/bin/../lib/gcc/nios2-elf/5.3.0/../../../../../H-x86_64-mingw32/nios2-elf/lib/mno-hw-mul\libsmallc.a(lib_a-strlen.o)
 .debug_frame   0x00000000000001e8       0x50 c:/intelfpga/18.1/nios2eds/bin/gnu/h-x86_64-mingw32/bin/../lib/gcc/nios2-elf/5.3.0/mno-hw-mul\libgcc.a(lib2-divmod.o)
 .debug_frame   0x0000000000000238       0x20 c:/intelfpga/18.1/nios2eds/bin/gnu/h-x86_64-mingw32/bin/../lib/gcc/nios2-elf/5.3.0/mno-hw-mul\libgcc.a(lib2-mul.o)

.debug_str      0x0000000000000000      0x7f4
 *(.debug_str)
 .debug_str     0x0000000000000000       0xb8 obj/default/hello_world_small.o
                                         0xbd (size before relaxing)
 .debug_str     0x00000000000000b8      0x18e ../MiHolaMundo_bsp/\libhal_bsp.a(alt_load.o)
                                        0x22d (size before relaxing)
 .debug_str     0x0000000000000246       0x8f ../MiHolaMundo_bsp/\libhal_bsp.a(alt_main.o)
                                        0x1a6 (size before relaxing)
 .debug_str     0x00000000000002d5       0x66 ../MiHolaMundo_bsp/\libhal_bsp.a(alt_putstr.o)
                                        0x183 (size before relaxing)
 .debug_str     0x000000000000033b       0x2f ../MiHolaMundo_bsp/\libhal_bsp.a(alt_usleep.o)
                                        0x148 (size before relaxing)
 .debug_str     0x000000000000036a       0xb9 ../MiHolaMundo_bsp/\libhal_bsp.a(alt_sys_init.o)
                                        0x24f (size before relaxing)
 .debug_str     0x0000000000000423       0x3f ../MiHolaMundo_bsp/\libhal_bsp.a(altera_avalon_jtag_uart_write.o)
                                        0x206 (size before relaxing)
 .debug_str     0x0000000000000462       0x33 ../MiHolaMundo_bsp/\libhal_bsp.a(alt_busy_sleep.o)
                                        0x15c (size before relaxing)
 .debug_str     0x0000000000000495       0x1f ../MiHolaMundo_bsp/\libhal_bsp.a(alt_dcache_flush_all.o)
                                        0x146 (size before relaxing)
 .debug_str     0x00000000000004b4       0x1f ../MiHolaMundo_bsp/\libhal_bsp.a(alt_icache_flush_all.o)
                                        0x146 (size before relaxing)
 .debug_str     0x00000000000004d3       0x20 ../MiHolaMundo_bsp/\libhal_bsp.a(altera_nios2_gen2_irq.o)
                                        0x14d (size before relaxing)
 .debug_str     0x00000000000004f3      0x13a c:/intelfpga/18.1/nios2eds/bin/gnu/h-x86_64-mingw32/bin/../lib/gcc/nios2-elf/5.3.0/../../../../../H-x86_64-mingw32/nios2-elf/lib/mno-hw-mul\libsmallc.a(lib_a-strlen.o)
                                        0x1e5 (size before relaxing)
 .debug_str     0x000000000000062d      0x187 c:/intelfpga/18.1/nios2eds/bin/gnu/h-x86_64-mingw32/bin/../lib/gcc/nios2-elf/5.3.0/mno-hw-mul\libgcc.a(lib2-divmod.o)
                                        0x1d2 (size before relaxing)
 .debug_str     0x00000000000007b4       0x40 c:/intelfpga/18.1/nios2eds/bin/gnu/h-x86_64-mingw32/bin/../lib/gcc/nios2-elf/5.3.0/mno-hw-mul\libgcc.a(lib2-mul.o)
                                        0x193 (size before relaxing)

.debug_loc      0x0000000000000000      0x70b
 *(.debug_loc)
 .debug_loc     0x0000000000000000       0x21 obj/default/hello_world_small.o
 .debug_loc     0x0000000000000021       0x37 ../MiHolaMundo_bsp/\libhal_bsp.a(alt_putstr.o)
 .debug_loc     0x0000000000000058       0x21 ../MiHolaMundo_bsp/\libhal_bsp.a(alt_usleep.o)
 .debug_loc     0x0000000000000079       0x21 ../MiHolaMundo_bsp/\libhal_bsp.a(alt_sys_init.o)
 .debug_loc     0x000000000000009a       0x8b ../MiHolaMundo_bsp/\libhal_bsp.a(altera_avalon_jtag_uart_write.o)
 .debug_loc     0x0000000000000125       0x67 ../MiHolaMundo_bsp/\libhal_bsp.a(alt_busy_sleep.o)
 .debug_loc     0x000000000000018c       0x1e c:/intelfpga/18.1/nios2eds/bin/gnu/h-x86_64-mingw32/bin/../lib/gcc/nios2-elf/5.3.0/../../../../../H-x86_64-mingw32/nios2-elf/lib/mno-hw-mul\libsmallc.a(lib_a-strlen.o)
 .debug_loc     0x00000000000001aa      0x4ce c:/intelfpga/18.1/nios2eds/bin/gnu/h-x86_64-mingw32/bin/../lib/gcc/nios2-elf/5.3.0/mno-hw-mul\libgcc.a(lib2-divmod.o)
 .debug_loc     0x0000000000000678       0x93 c:/intelfpga/18.1/nios2eds/bin/gnu/h-x86_64-mingw32/bin/../lib/gcc/nios2-elf/5.3.0/mno-hw-mul\libgcc.a(lib2-mul.o)

.debug_macinfo
 *(.debug_macinfo)

.debug_weaknames
 *(.debug_weaknames)

.debug_funcnames
 *(.debug_funcnames)

.debug_typenames
 *(.debug_typenames)

.debug_varnames
 *(.debug_varnames)

.debug_alt_sim_info
                0x0000000000000000       0x40
 *(.debug_alt_sim_info)
 .debug_alt_sim_info
                0x0000000000000000       0x10 ../MiHolaMundo_bsp//obj/HAL/src/crt0.o
 .debug_alt_sim_info
                0x0000000000000010       0x30 ../MiHolaMundo_bsp/\libhal_bsp.a(alt_busy_sleep.o)
                0x0000000000002000                __alt_data_end = 0x2000
                0x0000000000002000                PROVIDE (__alt_stack_pointer, __alt_data_end)
                [!provide]                        PROVIDE (__alt_stack_limit, __alt_stack_base)
                [!provide]                        PROVIDE (__alt_heap_start, end)
                [!provide]                        PROVIDE (__alt_heap_limit, 0x2000)
OUTPUT(MiHolaMundo.elf elf32-littlenios2)

.debug_ranges   0x0000000000000000       0xe8
 .debug_ranges  0x0000000000000000       0x20 ../MiHolaMundo_bsp//obj/HAL/src/crt0.o
 .debug_ranges  0x0000000000000020       0x10 obj/default/hello_world_small.o
 .debug_ranges  0x0000000000000030       0x48 ../MiHolaMundo_bsp/\libhal_bsp.a(alt_load.o)
 .debug_ranges  0x0000000000000078       0x10 c:/intelfpga/18.1/nios2eds/bin/gnu/h-x86_64-mingw32/bin/../lib/gcc/nios2-elf/5.3.0/../../../../../H-x86_64-mingw32/nios2-elf/lib/mno-hw-mul\libsmallc.a(lib_a-strlen.o)
 .debug_ranges  0x0000000000000088       0x60 c:/intelfpga/18.1/nios2eds/bin/gnu/h-x86_64-mingw32/bin/../lib/gcc/nios2-elf/5.3.0/mno-hw-mul\libgcc.a(lib2-divmod.o)
